(a7, 74)
(b1, 92)
(c0, 31)
(f5, 85)
(j1, 42)
(m4, 99)
(o7, 27)
(q8, 61)
(q4, 30)
(r4, 11)
(v6, 52)
(x6, 8)
(z9, 13)
[(l7,99)]
[(c0,KVSERROR)]
[(c0,KVSMISSING)]
