(j1, 42)
(m4, 99)
(o7, 27)
(q8, 61)
(q4, 30)
(r4, 11)
(u7, 47)
(v6, 52)
(z9, 13)
[(g3,67)]
[(u9,KVSMISSING)]
(a4, 14)
(a8, 57)
(a7, 74)
(b1, 92)
(c9, 60)
(c7, 41)
(c0, 31)
(d4, 90)
(d2, 28)
(e8, 86)
(e0, 42)
(f2, 13)
(g5, 42)
(h8, 77)
(h9, 15)
(j2, 85)
(k7, 72)
(k0, 13)
(k8, 75)
(k9, 10)
(l1, 36)
(n3, 83)
(n5, 27)
(o4, 31)
(o1, 18)
(o0, 7)
(p7, 9)
(p6, 18)
(p1, 11)
(p8, 95)
(p5, 23)
(p3, 28)
(r5, 31)
(r9, 5)
(s0, 23)
(s2, 49)
(u0, 97)
(v9, 65)
(v2, 70)
(x4, 69)
(x5, 93)
(x6, 8)
(y0, 97)
(y5, 61)
(z8, 0)
(z4, 38)
[(p3,28)]
[(s9,KVSMISSING)]
[(j3,10)]
[(d9,92)]
[(p3,28)]
[(y8,31)]
[(g1,88)]
[(u4,57)]
[(y8,31)]
[(b7,18)]
[(u5,17)]
[(y6,41)]
[(d1,84)]
(a9, 15)
(a5, 47)
(a0, 12)
(a4, 14)
(a8, 57)
(a7, 11)
(b2, 40)
(b9, 17)
(b7, 18)
(b1, 2)
(c4, 81)
(c3, 1)
(c9, 60)
(d6, 58)
(d9, 92)
(d1, 84)
(d4, 22)
(e2, 41)
(e4, 66)
(e7, 75)
(e3, 77)
(e8, 86)
(f6, 59)
(f0, 48)
(f2, 45)
(g8, 41)
(g4, 96)
(g2, 24)
(g1, 88)
(g9, 17)
(g0, 73)
(g6, 63)
(g5, 42)
(h3, 16)
(h7, 64)
(h9, 15)
(i2, 56)
(i7, 85)
(i0, 100)
(i9, 2)
(j7, 26)
(j9, 30)
(j3, 10)
(j6, 21)
(j2, 75)
(k6, 42)
(k5, 7)
(k3, 30)
(k4, 43)
(k2, 27)
(k1, 95)
(k7, 72)
(k8, 75)
(l9, 12)
(l4, 12)
(l8, 33)
(l1, 36)
(m6, 73)
(m5, 88)
(m2, 90)
(m1, 15)
(n2, 97)
(n7, 97)
(n5, 67)
(o6, 20)
(o3, 56)
(o0, 7)
(p2, 21)
(p7, 9)
(p6, 18)
(p8, 95)
(p5, 23)
(p3, 28)
(q4, 83)
(q7, 35)
(r3, 86)
(r2, 91)
(r4, 39)
(r6, 90)
(r0, 82)
(r5, 31)
(r9, 5)
(s1, 57)
(s4, 97)
(s7, 85)
(s5, 100)
(s0, 9)
(s2, 49)
(t9, 24)
(t4, 56)
(t1, 0)
(u8, 54)
(u2, 7)
(u4, 57)
(u5, 17)
(u0, 97)
(v0, 21)
(v1, 38)
(v3, 68)
(v9, 10)
(v2, 70)
(w9, 80)
(w1, 86)
(w4, 85)
(x3, 8)
(x2, 79)
(x9, 38)
(x4, 69)
(x5, 93)
(y1, 42)
(y3, 90)
(y2, 41)
(y8, 31)
(y7, 76)
(y6, 41)
(y0, 97)
(z1, 18)
(z5, 88)
(z2, 42)
(z8, 0)
[(q8,KVSMISSING)]
[(k6,KVSMISSING)]
[(e2,41)]
