[(c9,92)]
[(m6,14)]
[(r2,22)]
[(r2,22)]
[(u5,0)]
[(f5,60)]
[(c9,92)]
(b7, 21)
(b3, 42)
(c5, 16)
(c9, 92)
(f8, 26)
(f4, 99)
(f0, 30)
(f3, 3)
(f5, 60)
(g3, 87)
(h6, 16)
(i4, 32)
(i5, 37)
(k1, 32)
(k4, 64)
(l4, 89)
(m9, 0)
(m6, 14)
(n0, 76)
(o3, 32)
(q5, 49)
(q8, 17)
(r8, 4)
(r2, 22)
(r0, 48)
(u1, 40)
(u5, 0)
(v6, 55)
(y6, 26)
(z4, 22)
[(n0,76)]
[(f4,99)]
[(m1,29)]
[(m1,29)]
(a9, 39)
(a4, 35)
(a8, 84)
(b7, 21)
(b3, 42)
(c6, 67)
(c5, 16)
(d6, 62)
(d1, 0)
(d9, 83)
(e2, 47)
(f9, 26)
(f8, 26)
(f4, 99)
(f3, 3)
(f5, 60)
(g1, 95)
(g3, 87)
(h3, 64)
(i9, 76)
(i6, 87)
(i4, 32)
(i5, 37)
(j6, 0)
(j9, 43)
(k1, 32)
(k4, 64)
(l0, 49)
(l3, 31)
(l2, 15)
(l4, 89)
(m1, 29)
(m9, 0)
(m6, 14)
(n6, 100)
(n5, 15)
(n7, 60)
(n3, 12)
(n9, 91)
(n0, 76)
(o0, 39)
(o3, 32)
(q3, 59)
(q5, 49)
(q8, 17)
(r9, 91)
(r8, 4)
(r2, 22)
(s5, 26)
(s3, 66)
(t9, 52)
(t0, 7)
(t7, 30)
(u1, 40)
(u5, 0)
(v9, 83)
(v1, 23)
(v4, 36)
(w1, 26)
(w6, 38)
(w8, 65)
(w0, 90)
(y9, 61)
(y6, 26)
(z6, 28)
(z4, 22)
[(n3,12)]
(a3, 84)
(a5, 26)
(a9, 39)
(a4, 35)
(a8, 84)
(b1, 18)
(b2, 25)
(b4, 39)
(b7, 21)
(b3, 42)
(c8, 52)
(c6, 67)
(c5, 16)
(d6, 62)
(d1, 0)
(d9, 83)
(e2, 47)
(f9, 26)
(f8, 26)
(f4, 99)
(f3, 3)
(f5, 60)
(g1, 95)
(g3, 87)
(h1, 17)
(h3, 64)
(i9, 76)
(i6, 87)
(i4, 32)
(i5, 37)
(j6, 0)
(j9, 43)
(k1, 32)
(k4, 64)
(l5, 81)
(l0, 49)
(l3, 31)
(l2, 15)
(l4, 89)
(m1, 29)
(m9, 0)
(m6, 14)
(n6, 100)
(n5, 15)
(n7, 60)
(n3, 12)
(n9, 91)
(n0, 76)
(o7, 76)
(o0, 39)
(o3, 32)
(p6, 53)
(q3, 59)
(q5, 49)
(q8, 17)
(r0, 76)
(r9, 91)
(r8, 4)
(r2, 22)
(s8, 9)
(s5, 26)
(s3, 66)
(t9, 52)
(t0, 7)
(t7, 30)
(u8, 72)
(u1, 40)
(u5, 0)
(v9, 83)
(v1, 23)
(v4, 36)
(w2, 36)
(w1, 26)
(w6, 38)
(w8, 65)
(w0, 90)
(y9, 61)
(y6, 26)
(z1, 40)
(z6, 28)
(z4, 22)
[(n7,60)]
[(i4,32)]
[(m6,14)]
(a3, 84)
(a5, 26)
(a9, 39)
(a4, 35)
(a8, 84)
(b9, 66)
(b1, 18)
(b2, 25)
(b4, 39)
(b7, 21)
(b3, 42)
(c8, 52)
(c6, 67)
(c5, 16)
(d6, 62)
(d1, 0)
(d9, 83)
(e9, 25)
(f9, 26)
(f8, 26)
(f4, 99)
(f3, 3)
(f5, 60)
(g3, 87)
(h5, 71)
(h6, 94)
(h1, 17)
(h3, 64)
(i6, 87)
(i4, 32)
(i5, 37)
(j2, 59)
(j6, 0)
(j9, 43)
(k1, 32)
(k4, 64)
(l5, 81)
(l0, 49)
(l3, 31)
(l2, 15)
(l4, 89)
(m1, 29)
(m9, 0)
(m6, 14)
(n4, 78)
(n6, 100)
(n5, 15)
(n7, 60)
(n3, 12)
(n9, 91)
(n0, 76)
(o7, 76)
(o0, 39)
(o3, 32)
(p6, 53)
(q3, 59)
(q5, 49)
(q8, 17)
(r0, 76)
(r9, 91)
(r8, 4)
(r2, 22)
(s9, 22)
(s8, 9)
(s5, 26)
(s3, 66)
(t5, 51)
(t9, 52)
(t0, 7)
(t7, 30)
(u6, 7)
(u8, 72)
(u1, 40)
(u5, 0)
(v8, 25)
(v9, 83)
(v1, 23)
(v4, 36)
(w9, 94)
(w2, 36)
(w1, 26)
(w6, 38)
(w8, 65)
(w0, 90)
(y9, 61)
(y6, 26)
(z9, 54)
(z1, 40)
(z6, 28)
(z4, 22)
[(n7,60)]
[(l2,15)]
[(v9,83)]
[(q0,94)]
[(c4,100)]
