(a0, 6)
(c1, 50)
(j4, 34)
(k8, 15)
(l4, 96)
(m8, 65)
(r5, 33)
(t7, 22)
(w2, 0)
[(l6,69)]
[(x0,96)]
[(r5,33)]
[(g8,61)]
[(d9,47)]
[(m8,65)]
[(x4,85)]
[(l3,37)]
