[(n2,95)]
[(p8,41)]
[(j0,27)]
(j0, 27)
(m5, 56)
(m4, 32)
(p5, 0)
(p8, 41)
(v7, 93)
(w1, 78)
(x3, 69)
[(v7,93)]
[(m4,32)]
[(p8,41)]
[(p5,0)]
[(v7,93)]
[(m5,56)]
[(j0,27)]
[(w6,42)]
[(m5,56)]
[(n8,87)]
[(p3,12)]
[(g7,77)]
[(j4,4)]
