[(o8,96)]
[(t9,91)]
[(t9,91)]
[(z3,63)]
(l8, 23)
(q4, 11)
(u6, 71)
(v6, 83)
(z8, 47)
[(l8,23)]
[(k1,37)]
[(z8,47)]
[(c8,72)]
