[(h9,15)]
[(h9,15)]
(a0, 12)
(a4, 14)
(a5, 47)
(a9, 15)
(a8, 57)
(a7, 96)
(b2, 40)
(b9, 17)
(b1, 2)
(c8, 82)
(c9, 60)
(c4, 81)
(c3, 29)
(d8, 59)
(d4, 90)
(d9, 92)
(e6, 56)
(e0, 45)
(e5, 88)
(e7, 75)
(e3, 77)
(e2, 41)
(e4, 66)
(f5, 15)
(f0, 48)
(f2, 45)
(g4, 95)
(g2, 24)
(g6, 15)
(g9, 57)
(g5, 42)
(g8, 41)
(g1, 88)
(g0, 73)
(h0, 34)
(h7, 64)
(h3, 16)
(h9, 15)
(i9, 81)
(i0, 70)
(j9, 30)
(j6, 21)
(j7, 26)
(k5, 7)
(k3, 30)
(k1, 95)
(k7, 72)
(k8, 75)
(k4, 43)
(k2, 27)
(l9, 12)
(l1, 36)
(m0, 91)
(m7, 85)
(m1, 15)
(m6, 42)
(m5, 88)
(m2, 3)
(n4, 33)
(n7, 36)
(n5, 67)
(o7, 64)
(o9, 54)
(o1, 47)
(o6, 13)
(o0, 7)
(o3, 56)
(p7, 8)
(p4, 19)
(p6, 18)
(p1, 11)
(p2, 21)
(p5, 23)
(p8, 95)
(q4, 83)
(q7, 35)
(r5, 31)
(r9, 5)
(r3, 86)
(r6, 90)
(r2, 91)
(s8, 80)
(s4, 78)
(s2, 62)
(s1, 57)
(s0, 23)
(t6, 87)
(t9, 38)
(t4, 56)
(t1, 0)
(u1, 43)
(u0, 97)
(u2, 0)
(v5, 58)
(v7, 14)
(v1, 36)
(v0, 21)
(v3, 68)
(v2, 44)
(w6, 65)
(w5, 92)
(w0, 89)
(w9, 80)
(w1, 34)
(x1, 39)
(x0, 95)
(x4, 69)
(x5, 93)
(x2, 79)
(x9, 38)
(y3, 96)
(y0, 97)
(y6, 38)
(y1, 42)
(y8, 31)
(y2, 35)
(y7, 94)
(z6, 11)
(z0, 73)
(z1, 18)
(z5, 88)
(z8, 0)
[(h9,15)]
(a9, 52)
(a0, 12)
(a4, 14)
(a5, 29)
(a8, 76)
(a7, 96)
(b0, 25)
(b2, 40)
(b9, 17)
(b1, 2)
(c8, 82)
(c9, 60)
(c4, 81)
(c3, 29)
(d8, 59)
(d4, 90)
(d9, 6)
(e1, 97)
(e6, 56)
(e0, 45)
(e5, 88)
(e7, 75)
(e3, 77)
(e2, 41)
(e4, 66)
(f5, 15)
(f0, 48)
(f2, 45)
(g4, 95)
(g2, 24)
(g6, 15)
(g9, 57)
(g5, 42)
(g8, 41)
(g1, 28)
(g0, 73)
(h0, 34)
(h7, 64)
(h3, 16)
(h9, 15)
(i4, 56)
(i2, 38)
(i9, 81)
(i0, 70)
(j9, 30)
(j6, 21)
(j7, 26)
(k5, 7)
(k3, 30)
(k1, 95)
(k7, 72)
(k8, 75)
(k4, 43)
(k2, 27)
(l8, 15)
(l9, 12)
(l1, 36)
(m0, 91)
(m7, 85)
(m1, 15)
(m6, 42)
(m5, 88)
(m2, 3)
(n4, 33)
(n7, 36)
(n5, 67)
(o7, 64)
(o9, 54)
(o1, 47)
(o0, 7)
(o3, 56)
(p7, 8)
(p4, 19)
(p6, 18)
(p1, 11)
(p2, 21)
(p5, 23)
(p8, 95)
(q4, 83)
(q7, 35)
(r5, 53)
(r9, 5)
(r3, 86)
(r6, 90)
(r2, 91)
(s8, 80)
(s4, 78)
(s2, 62)
(s1, 57)
(s0, 23)
(t6, 87)
(t9, 38)
(t4, 56)
(t1, 0)
(u1, 44)
(u0, 97)
(u2, 34)
(v5, 58)
(v7, 14)
(v1, 36)
(v0, 21)
(v3, 68)
(v2, 44)
(w6, 65)
(w5, 92)
(w0, 89)
(w9, 80)
(w1, 34)
(x1, 39)
(x0, 95)
(x4, 69)
(x5, 93)
(x2, 79)
(x9, 38)
(y3, 96)
(y0, 97)
(y6, 38)
(y1, 42)
(y8, 31)
(y2, 35)
(y7, 94)
(z6, 11)
(z0, 73)
(z1, 18)
(z5, 88)
(z8, 0)
[(r5,53)]
[(g1,28)]
[(n1,31)]
[(h9,15)]
[(j2,KVSMISSING)]
(a9, 52)
(a0, 12)
(a4, 14)
(a5, 29)
(b0, 84)
(b2, 40)
(b1, 2)
(c1, 93)
(c2, 60)
(c8, 82)
(c9, 60)
(c4, 81)
(c3, 29)
(d8, 59)
(d4, 10)
(e9, 83)
(e6, 56)
(e0, 45)
(e5, 88)
(e7, 75)
(e3, 77)
(e2, 41)
(f5, 15)
(f0, 48)
(g4, 95)
(g2, 24)
(g6, 15)
(g9, 15)
(g5, 42)
(g8, 90)
(g1, 28)
(g0, 73)
(h4, 84)
(h7, 64)
(h3, 16)
(i1, 67)
(i2, 33)
(i4, 56)
(i9, 94)
(i0, 70)
(j5, 99)
(j9, 30)
(j6, 21)
(j7, 26)
(k6, 13)
(k5, 7)
(k3, 30)
(k1, 95)
(k7, 13)
(k4, 43)
(k2, 27)
(l1, 36)
(m7, 82)
(m1, 15)
(m6, 42)
(m5, 88)
(n1, 31)
(n3, 94)
(n7, 36)
(n5, 67)
(o4, 73)
(o7, 64)
(o9, 54)
(o1, 47)
(o0, 7)
(o3, 56)
(p7, 8)
(p4, 19)
(p6, 18)
(p1, 26)
(p2, 35)
(p5, 23)
(p8, 95)
(q0, 36)
(q3, 44)
(q2, 91)
(q4, 83)
(q7, 35)
(r5, 53)
(r9, 57)
(r3, 86)
(r6, 90)
(s8, 80)
(s4, 78)
(s1, 57)
(s0, 23)
(t3, 79)
(t6, 87)
(t9, 38)
(t4, 56)
(t1, 0)
(u1, 44)
(u0, 97)
(v9, 83)
(v5, 75)
(v1, 36)
(v0, 21)
(v3, 63)
(v2, 64)
(w6, 65)
(w5, 92)
(w0, 89)
(w9, 80)
(w1, 53)
(x8, 83)
(x0, 61)
(x4, 69)
(x5, 93)
(x2, 100)
(y3, 96)
(y0, 97)
(y6, 38)
(y1, 42)
(y8, 33)
(z6, 11)
(z0, 73)
(z5, 88)
(z8, 0)
[(x8,83)]
[(x8,83)]
[(v9,83)]
(a9, 52)
(a0, 12)
(a4, 14)
(a5, 29)
(b0, 84)
(b2, 40)
(b1, 2)
(c2, 60)
(c8, 82)
(c9, 60)
(c4, 81)
(c3, 29)
(d8, 59)
(d4, 10)
(e9, 83)
(e6, 56)
(e0, 45)
(e5, 88)
(e7, 75)
(e3, 77)
(f6, 96)
(f3, 94)
(f5, 15)
(f0, 21)
(g4, 95)
(g2, 24)
(g6, 15)
(g5, 42)
(g1, 28)
(g0, 73)
(h0, 4)
(h4, 84)
(h7, 64)
(h3, 16)
(i1, 67)
(i2, 33)
(i4, 56)
(i9, 94)
(i0, 70)
(j5, 9)
(j9, 30)
(j6, 92)
(j7, 26)
(k6, 13)
(k5, 7)
(k3, 30)
(k1, 95)
(k7, 13)
(k4, 43)
(k2, 27)
(l7, 10)
(l1, 36)
(m9, 33)
(m7, 82)
(m1, 15)
(m6, 42)
(m5, 88)
(n1, 31)
(n3, 94)
(n7, 36)
(n5, 99)
(o4, 73)
(o7, 64)
(o9, 54)
(o1, 47)
(o0, 7)
(o3, 56)
(p7, 8)
(p4, 19)
(p6, 18)
(p1, 26)
(p2, 35)
(p5, 23)
(p8, 95)
(q0, 36)
(q3, 44)
(q4, 83)
(q7, 35)
(r3, 86)
(r6, 90)
(s8, 80)
(s4, 78)
(s1, 57)
(s0, 23)
(t0, 87)
(t3, 79)
(t6, 87)
(t9, 38)
(t4, 56)
(t1, 0)
(u1, 44)
(u0, 97)
(v9, 83)
(v5, 75)
(v1, 36)
(v0, 21)
(v3, 63)
(w6, 65)
(w5, 92)
(w0, 89)
(w9, 80)
(w1, 53)
(x8, 83)
(x0, 61)
(x4, 69)
(x5, 93)
(x2, 100)
(y3, 96)
(y0, 97)
(y6, 42)
(y1, 42)
(z6, 11)
(z0, 73)
(z5, 88)
(z8, 0)
