(c8, 90)
(h5, 79)
(w7, 63)
(y6, 84)
[(c8,90)]
[(f5,56)]
[(q4,85)]
(a4, 15)
(b0, 70)
(m2, 65)
(n8, 47)
(s3, 40)
(w2, 76)
(y5, 9)
(a4, 15)
(b0, 70)
(m2, 65)
(n8, 47)
(s3, 40)
(w2, 76)
(y5, 9)
[(a4,15)]
[(w8,5)]
