[(k1,11)]
(a7, 42)
(e5, 80)
(i9, 7)
(j9, 79)
(k7, 11)
(k1, 11)
(l7, 46)
(m2, 64)
(n9, 45)
(o1, 19)
(q2, 2)
(q0, 25)
(s2, 56)
(u7, 65)
(w2, 17)
(y7, 85)
(y3, 30)
(a7, 42)
(d9, 21)
(e5, 80)
(i1, 18)
(i9, 7)
(j9, 79)
(k1, 11)
(n9, 45)
(o1, 19)
(q2, 2)
(q0, 25)
(r4, 52)
(s2, 56)
(u7, 65)
(w2, 17)
(y7, 85)
(y3, 30)
[(w2,17)]
[(u7,65)]
[(s0,31)]
