[(e1,40)]
[(c6,47)]
[(u2,20)]
(a6, 60)
(b9, 76)
(b3, 82)
(c6, 47)
(e1, 40)
(h1, 79)
(i8, 33)
(i5, 32)
(k2, 92)
(l5, 71)
(m9, 25)
(n4, 27)
(o8, 83)
(o6, 2)
(q0, 17)
(r1, 14)
(s2, 18)
(s1, 62)
(s7, 82)
(t6, 48)
(t8, 44)
(u2, 20)
(v6, 9)
(v3, 50)
(w7, 56)
(x7, 21)
(x0, 27)
(y8, 51)
(z5, 22)
(z0, 7)
(z4, 71)
[(i3,99)]
[(g4,29)]
[(s2,18)]
[(v6,9)]
