[(h8,77)]
[(h8,77)]
[(a7,11)]
[(s5,100)]
[(s7,85)]
[(s7,85)]
[(m2,90)]
[(r4,39)]
[(t5,67)]
