[(v5,75)]
[(b0,68)]
[(b0,68)]
[(y5,49)]
[(o4,24)]
