(k5, 89)
(t7, 17)
(v1, 48)
(x0, 100)
[(s5,22)]
(a5, 9)
(h9, 41)
(q8, 30)
(s5, 22)
(t7, 17)
(v1, 48)
(x0, 100)
[(f9,86)]
[(t7,17)]
[(t7,17)]
[(q3,98)]
[(n2,89)]
[(t7,17)]
[(t8,77)]
[(n8,61)]
