(d5, 53)
(e2, 57)
(j4, 26)
(o0, 88)
(p3, 88)
(w9, 26)
(y4, 76)
[(o0,88)]
[(p9,100)]
[(p9,100)]
[(g5,55)]
(d9, 92)
(d5, 53)
(e5, 96)
(f3, 4)
(g0, 10)
(h0, 20)
(i5, 32)
(n5, 45)
(o2, 33)
(o4, 52)
(o0, 88)
(p9, 100)
(q8, 88)
(q9, 61)
(q2, 80)
(t1, 62)
(v0, 32)
(z8, 25)
[(q9,61)]
[(o0,88)]
[(f3,4)]
[(n4,23)]
[(b9,60)]
(a3, 29)
(b0, 84)
(b9, 60)
(c4, 28)
(d9, 92)
(d5, 53)
(e7, 14)
(e0, 14)
(e5, 96)
(f7, 16)
(f5, 75)
(f3, 4)
(g4, 49)
(g0, 10)
(h0, 20)
(i4, 74)
(i5, 32)
(j3, 52)
(j5, 49)
(l7, 84)
(l2, 91)
(l3, 7)
(m7, 30)
(m5, 47)
(n4, 23)
(n5, 45)
(o2, 33)
(o4, 52)
(o0, 88)
(p9, 100)
(q8, 88)
(q9, 61)
(q2, 80)
(s4, 55)
(t6, 68)
(t2, 58)
(t1, 62)
(u6, 52)
(u9, 38)
(v6, 3)
(v0, 32)
(w0, 54)
(w2, 60)
(w1, 43)
(x3, 55)
(y1, 23)
(y9, 62)
(z8, 25)
[(i4,74)]
[(v6,3)]
[(w1,43)]
[(w1,43)]
(a3, 29)
(b0, 84)
(c6, 15)
(c4, 28)
(d5, 53)
(e7, 14)
(e0, 14)
(e5, 96)
(f7, 16)
(f5, 75)
(f3, 4)
(g4, 49)
(g0, 10)
(h7, 60)
(h0, 20)
(i4, 74)
(i5, 32)
(j3, 52)
(j5, 49)
(l7, 84)
(l2, 91)
(l3, 7)
(m7, 30)
(m5, 47)
(n0, 25)
(n7, 94)
(n4, 23)
(n5, 45)
(o2, 33)
(o4, 52)
(o0, 88)
(p9, 100)
(q1, 19)
(q8, 88)
(q9, 61)
(q2, 80)
(s4, 55)
(t6, 68)
(t2, 58)
(t1, 62)
(u6, 52)
(u9, 38)
(v6, 3)
(v0, 32)
(w6, 87)
(w0, 54)
(w2, 60)
(w1, 43)
(y8, 50)
(y1, 23)
(y9, 62)
(z8, 25)
[(n5,45)]
[(l3,7)]
(a3, 29)
(b1, 93)
(b0, 84)
(c3, 59)
(c9, 4)
(c6, 15)
(d5, 53)
(e1, 96)
(e7, 14)
(e5, 96)
(f0, 23)
(f7, 16)
(f5, 75)
(f3, 4)
(g4, 49)
(g0, 10)
(h7, 60)
(h0, 20)
(i4, 74)
(i5, 32)
(j4, 98)
(j3, 52)
(j5, 49)
(l7, 84)
(l2, 91)
(l3, 7)
(m7, 30)
(m5, 47)
(n6, 69)
(n0, 25)
(n7, 94)
(n4, 23)
(n5, 45)
(o6, 14)
(o2, 33)
(o4, 52)
(o0, 88)
(p5, 12)
(p9, 100)
(q2, 29)
(q1, 19)
(q8, 88)
(q9, 61)
(r0, 33)
(s8, 0)
(s5, 99)
(s4, 55)
(t6, 68)
(t2, 58)
(t1, 62)
(u7, 23)
(u9, 38)
(v7, 66)
(v6, 3)
(v0, 32)
(w6, 87)
(w0, 54)
(w2, 60)
(w1, 43)
(y8, 50)
(y9, 62)
(z8, 25)
[(h7,60)]
[(c6,15)]
[(m5,47)]
[(q9,61)]
[(f5,75)]
[(r4,59)]
