[(c0,52)]
[(p9,76)]
[(k1,100)]
[(y6,81)]
[(w8,65)]
[(j0,61)]
[(u0,58)]
[(s2,100)]
[(h0,77)]
[(x2,79)]
[(f9,1)]
[(w4,8)]
[(r8,65)]
[(o6,78)]
