[(y3,43)]
[(y3,43)]
[(v2,20)]
[(d9,8)]
(a2, 74)
(a6, 25)
(c3, 81)
(c4, 45)
(d9, 8)
(e5, 18)
(g7, 10)
(g0, 87)
(h1, 0)
(h7, 72)
(j1, 82)
(j4, 81)
(j3, 53)
(k9, 34)
(n9, 35)
(n7, 8)
(o4, 29)
(o7, 77)
(q3, 34)
(r1, 25)
(r6, 33)
(s2, 72)
(s7, 91)
(t0, 18)
(t5, 75)
(v0, 97)
(v2, 20)
(w4, 64)
(x1, 6)
(x5, 43)
(x2, 13)
(y3, 35)
(z9, 69)
[(v2,20)]
(a2, 74)
(a6, 25)
(c3, 81)
(c4, 45)
(d9, 8)
(e5, 18)
(g7, 10)
(g0, 87)
(h1, 0)
(h7, 72)
(j1, 82)
(j4, 81)
(j3, 53)
(k9, 34)
(n7, 8)
(o4, 29)
(o7, 77)
(q4, 43)
(q3, 34)
(r4, 85)
(r1, 25)
(r6, 33)
(s2, 72)
(s7, 91)
(t0, 18)
(t5, 75)
(u7, 27)
(v0, 97)
(v2, 20)
(w4, 64)
(x7, 75)
(x1, 6)
(x5, 43)
(x2, 13)
(y6, 46)
(y3, 35)
(z9, 69)
[(h7,72)]
[(r6,33)]
[(v2,20)]
(a4, 71)
(a2, 74)
(a6, 25)
(c3, 81)
(d0, 54)
(d5, 11)
(d9, 8)
(e5, 18)
(g7, 10)
(g0, 87)
(h6, 49)
(h1, 0)
(h7, 72)
(j9, 97)
(j1, 82)
(j4, 81)
(j3, 53)
(k1, 16)
(k5, 8)
(k9, 34)
(n6, 46)
(n7, 8)
(o4, 29)
(o7, 77)
(p5, 99)
(p0, 13)
(q4, 43)
(q3, 34)
(r4, 85)
(r1, 25)
(r6, 33)
(s2, 72)
(s7, 91)
(t0, 18)
(t5, 75)
(u9, 66)
(u7, 27)
(v0, 97)
(v2, 20)
(w4, 64)
(x7, 75)
(x1, 6)
(x5, 43)
(x2, 13)
(y6, 46)
(y3, 35)
(z9, 69)
[(s7,91)]
[(y6,46)]
[(y4,85)]
[(e4,47)]
[(p0,13)]
(a9, 52)
(a4, 71)
(a2, 74)
(a6, 25)
(b9, 32)
(c3, 81)
(d4, 82)
(d0, 54)
(d5, 11)
(d9, 8)
(e4, 47)
(e5, 18)
(f0, 53)
(g8, 55)
(g7, 10)
(g0, 87)
(h6, 49)
(h1, 0)
(h7, 72)
(i6, 32)
(i1, 4)
(j9, 97)
(j1, 82)
(j4, 81)
(j3, 53)
(k7, 94)
(k1, 16)
(k5, 8)
(k9, 34)
(l2, 99)
(m3, 0)
(n0, 27)
(n5, 63)
(n6, 46)
(n7, 8)
(o6, 82)
(o4, 29)
(o7, 77)
(p7, 14)
(p9, 31)
(p5, 99)
(p0, 13)
(q4, 43)
(q3, 34)
(r3, 100)
(r4, 85)
(r1, 25)
(r6, 33)
(s2, 72)
(s7, 91)
(t0, 18)
(t5, 75)
(u9, 66)
(u7, 27)
(v6, 78)
(v0, 97)
(v2, 20)
(w4, 64)
(x7, 75)
(x1, 6)
(x5, 43)
(x2, 13)
(y2, 92)
(y4, 85)
(y6, 46)
(y3, 35)
(z9, 69)
[(a6,25)]
[(m3,0)]
[(n9,37)]
[(p5,99)]
(a9, 52)
(a4, 71)
(a2, 74)
(a6, 25)
(b9, 32)
(c3, 81)
(d4, 82)
(d0, 54)
(d5, 11)
(d9, 8)
(e4, 47)
(e5, 18)
(f0, 53)
(g5, 92)
(g8, 55)
(g7, 10)
(g0, 87)
(h6, 49)
(h1, 0)
(h7, 72)
(i2, 65)
(i6, 32)
(i1, 4)
(j9, 97)
(j1, 82)
(j4, 81)
(j3, 53)
(k6, 72)
(k7, 94)
(k1, 16)
(k5, 8)
(k9, 34)
(l2, 99)
(m3, 0)
(n9, 37)
(n0, 27)
(n5, 63)
(n6, 46)
(n7, 8)
(o6, 82)
(o4, 29)
(o7, 77)
(p7, 14)
(p9, 31)
(p5, 99)
(p0, 13)
(q4, 43)
(q3, 34)
(r3, 100)
(r4, 85)
(r1, 25)
(r6, 33)
(s4, 84)
(s2, 72)
(s7, 91)
(t0, 18)
(t5, 75)
(u9, 66)
(u7, 27)
(v6, 78)
(v0, 97)
(v2, 20)
(w4, 64)
(x7, 75)
(x1, 6)
(x5, 43)
(x2, 13)
(y2, 92)
(y4, 85)
(y6, 46)
(y3, 35)
(z9, 69)
[(c3,81)]
