[(b3,43)]
[(b3,43)]
[(b3,43)]
[(u3,32)]
[(h7,57)]
[(z9,31)]
(a4, 8)
(b7, 35)
(c9, 76)
(d8, 42)
(e4, 21)
(e6, 47)
(g4, 53)
(g2, 87)
(h7, 57)
(h4, 97)
(h8, 45)
(i7, 43)
(l8, 15)
(m9, 18)
(n8, 85)
(p8, 61)
(p1, 87)
(q1, 93)
(r1, 45)
(r4, 63)
(r9, 25)
(t3, 62)
(u3, 32)
(w4, 47)
(x2, 64)
(z9, 31)
[(p8,61)]
[(r9,25)]
[(z9,31)]
[(y5,25)]
[(h0,61)]
[(b7,35)]
[(b7,35)]
[(c8,11)]
[(w0,59)]
[(p9,9)]
[(u7,17)]
[(o9,58)]
[(b9,87)]
