[(f3,15)]
[(f3,24)]
[(c3,42)]
[(c8,91)]
[(a4,81)]
[(n3,29)]
[(g5,47)]
[(c3,42)]
