(j9, 75)
(l4, 81)
(u6, 41)
(x7, 62)
[(l4,81)]
[(b0,71)]
[(b2,35)]
[(b0,71)]
(b2, 35)
(b0, 71)
(c7, 6)
(e7, 88)
(f9, 33)
(g6, 72)
(i0, 2)
(j3, 7)
(j9, 75)
(k4, 88)
(k8, 51)
(k0, 22)
(l9, 90)
(l4, 81)
(m5, 71)
(n7, 28)
(o9, 97)
(o4, 37)
(r8, 40)
(t3, 49)
(t1, 57)
(u6, 41)
(x7, 62)
(y8, 54)
(z6, 54)
(z9, 34)
(z4, 90)
[(k0,22)]
[(z4,90)]
[(m1,37)]
(a3, 23)
(b2, 35)
(c9, 91)
(e3, 32)
(e7, 88)
(f8, 57)
(f6, 5)
(f9, 33)
(g6, 72)
(h7, 61)
(h9, 27)
(h8, 66)
(h3, 90)
(i8, 69)
(i0, 2)
(j3, 7)
(j9, 75)
(k4, 88)
(k8, 51)
(k0, 22)
(l9, 90)
(m1, 37)
(m5, 71)
(n7, 28)
(o9, 97)
(p9, 68)
(r2, 4)
(r3, 66)
(r8, 40)
(t3, 49)
(t1, 57)
(u8, 8)
(u6, 41)
(w3, 57)
(x0, 67)
(x7, 62)
(z6, 54)
(z9, 34)
(z4, 90)
[(e7,88)]
[(t3,49)]
[(n4,20)]
[(i9,47)]
[(n4,20)]
[(p9,68)]
(a5, 86)
(a0, 30)
(a4, 96)
(a3, 23)
(b7, 28)
(b8, 71)
(b4, 79)
(b2, 35)
(c9, 91)
(d8, 86)
(e3, 32)
(e7, 88)
(f8, 57)
(f6, 5)
(f9, 33)
(g6, 72)
(h1, 67)
(h7, 61)
(h9, 27)
(h8, 66)
(h3, 90)
(i9, 47)
(i8, 69)
(i0, 2)
(j3, 7)
(j9, 75)
(k3, 90)
(k1, 100)
(k4, 88)
(k0, 22)
(l5, 8)
(l1, 50)
(m0, 2)
(m6, 60)
(m3, 54)
(m1, 37)
(m5, 71)
(n4, 20)
(n7, 28)
(o7, 82)
(o0, 83)
(o9, 97)
(p6, 34)
(p9, 68)
(q2, 54)
(q4, 3)
(r2, 4)
(r8, 40)
(s6, 94)
(s7, 78)
(t3, 18)
(t6, 78)
(t1, 57)
(u6, 41)
(v3, 61)
(w2, 67)
(w5, 69)
(w7, 96)
(w0, 37)
(w1, 96)
(x8, 47)
(x0, 67)
(x7, 62)
(y8, 43)
(y6, 39)
(z5, 59)
(z6, 54)
(z9, 34)
(z4, 90)
[(j9,75)]
(a6, 52)
(a5, 86)
(a0, 30)
(a4, 96)
(a3, 23)
(b9, 13)
(b7, 28)
(b8, 71)
(b4, 79)
(b2, 35)
(c9, 91)
(d5, 50)
(d2, 72)
(d8, 86)
(e8, 39)
(e3, 32)
(e7, 88)
(f8, 57)
(f9, 33)
(g6, 72)
(h1, 67)
(h7, 61)
(h9, 27)
(h8, 66)
(h3, 90)
(i4, 55)
(i2, 67)
(i9, 47)
(i8, 69)
(i0, 2)
(j3, 7)
(j9, 75)
(k2, 12)
(k3, 90)
(k1, 100)
(k4, 88)
(k0, 22)
(l8, 24)
(l5, 8)
(l1, 50)
(m6, 60)
(m3, 54)
(m1, 37)
(m5, 71)
(n4, 20)
(n7, 28)
(o3, 46)
(o7, 82)
(o0, 83)
(o9, 97)
(p2, 15)
(p0, 34)
(p7, 78)
(p6, 34)
(p9, 68)
(q7, 87)
(q3, 27)
(q2, 54)
(q4, 3)
(r2, 4)
(r8, 40)
(s1, 50)
(s3, 53)
(s6, 94)
(s7, 78)
(t0, 39)
(t3, 18)
(t6, 78)
(t1, 57)
(u5, 44)
(u6, 41)
(v4, 13)
(v3, 61)
(w4, 24)
(w2, 67)
(w5, 69)
(w7, 96)
(w0, 37)
(w1, 96)
(x9, 25)
(x8, 47)
(x0, 67)
(x7, 62)
(y0, 65)
(y7, 2)
(y8, 43)
(y6, 39)
(z1, 84)
(z5, 59)
(z6, 54)
(z9, 34)
(z4, 90)
