[(x4,86)]
[(z6,62)]
(a6, 79)
(u2, 86)
(z6, 62)
[(z6,62)]
[(z3,78)]
(a6, 79)
(c7, 10)
(j9, 96)
(u2, 86)
(z3, 78)
(z6, 62)
[(u2,86)]
[(z6,62)]
[(a6,79)]
[(c7,10)]
[(f1,69)]
[(m6,99)]
