(a9, 32)
(g6, 10)
(i1, 10)
(k7, 23)
(o1, 2)
(u8, 32)
(z5, 34)
[(i8,74)]
(a1, 86)
(a2, 33)
(b5, 71)
(g3, 74)
(i0, 67)
(i5, 1)
(i8, 74)
(l1, 84)
(l9, 81)
(l3, 9)
(l5, 54)
(o9, 37)
(p4, 91)
(r2, 50)
(r9, 28)
(u9, 4)
(u5, 42)
(u7, 38)
(w8, 93)
(w5, 87)
(y9, 84)
(y1, 5)
[(b5,71)]
[(u7,38)]
(a1, 86)
(a2, 33)
(b5, 71)
(g3, 74)
(i0, 67)
(i5, 1)
(i8, 74)
(k0, 47)
(l1, 84)
(l9, 81)
(l3, 9)
(l5, 54)
(m9, 68)
(o9, 37)
(p4, 91)
(r2, 50)
(r9, 28)
(u1, 10)
(u9, 4)
(u7, 38)
(w8, 93)
(w5, 87)
(x1, 49)
(y9, 84)
(y1, 5)
(z3, 9)
[(i0,67)]
(a1, 86)
(a2, 33)
(b8, 21)
(b5, 71)
(c3, 35)
(c7, 99)
(d0, 88)
(e8, 96)
(f0, 61)
(f2, 67)
(g9, 94)
(g3, 74)
(h6, 70)
(h5, 86)
(i0, 67)
(i5, 1)
(i8, 74)
(j0, 63)
(j8, 93)
(j1, 68)
(k0, 47)
(l2, 95)
(l1, 84)
(l9, 81)
(l3, 9)
(l5, 54)
(m0, 36)
(m9, 68)
(o9, 37)
(p9, 71)
(p4, 91)
(q1, 3)
(q7, 20)
(q0, 69)
(r2, 50)
(r9, 28)
(t6, 12)
(t3, 29)
(u2, 70)
(u1, 10)
(u9, 4)
(u7, 38)
(v0, 10)
(w8, 93)
(w5, 87)
(x0, 38)
(x1, 49)
(y8, 93)
(y9, 84)
(y1, 5)
(z7, 30)
(z4, 69)
(z3, 9)
[(g3,74)]
