[(m3,77)]
(b0, 50)
(e4, 70)
(g2, 93)
(i9, 71)
(j5, 22)
(j2, 44)
(k8, 57)
(m3, 77)
(n0, 1)
(q1, 21)
(r9, 60)
(r2, 24)
(t1, 9)
(v2, 69)
(v4, 31)
(v0, 88)
(x4, 67)
(z2, 13)
[(r2,24)]
[(m3,77)]
[(r0,85)]
