[(t4,35)]
[(t0,97)]
[(t4,35)]
[(z2,66)]
[(c7,97)]
(b1, 61)
(c9, 62)
(d5, 48)
(e9, 1)
(e2, 73)
(f0, 76)
(g6, 88)
(h9, 45)
(h2, 91)
(i8, 14)
(i5, 15)
(i0, 77)
(m7, 98)
(m2, 65)
(m1, 24)
(m9, 72)
(q1, 39)
(t6, 47)
(t5, 79)
(t7, 9)
(u1, 18)
(v8, 54)
(w2, 17)
(x3, 53)
(y2, 66)
[(m7,98)]
