(a1, 46)
(b9, 4)
(b2, 68)
(d7, 32)
(e8, 67)
(h5, 1)
(k1, 3)
(l9, 78)
(m5, 56)
(n9, 86)
(o1, 20)
(p2, 10)
(s5, 93)
(s6, 5)
(t8, 74)
(w8, 57)
(x2, 69)
(z8, 28)
[(x2,69)]
[(h5,1)]
(a1, 46)
(b1, 97)
(b9, 4)
(b2, 68)
(c1, 16)
(d5, 60)
(d7, 32)
(e8, 67)
(f7, 65)
(h9, 0)
(h5, 1)
(i6, 80)
(i1, 51)
(j6, 74)
(k1, 3)
(l7, 14)
(l9, 78)
(m8, 67)
(m2, 52)
(m5, 56)
(n5, 11)
(n9, 86)
(o1, 20)
(p2, 10)
(q3, 82)
(r5, 67)
(s1, 96)
(s5, 93)
(s6, 5)
(t6, 77)
(t4, 13)
(t8, 74)
(u0, 5)
(w1, 58)
(w8, 57)
(x2, 69)
(z8, 28)
[(o1,20)]
[(w1,58)]
