(l6, 27)
(m3, 46)
[(m3,46)]
[(d9,81)]
(a7, 92)
(d7, 34)
(d9, 81)
(f7, 12)
(f9, 49)
(h5, 93)
(h3, 23)
(l4, 67)
(l8, 19)
(m5, 96)
(m3, 46)
(o9, 60)
(p5, 72)
(r5, 58)
(r1, 17)
(r9, 3)
(s0, 85)
(t4, 46)
(w4, 51)
(a7, 92)
(d7, 34)
(d9, 81)
(f7, 12)
(f9, 49)
(h5, 93)
(h3, 23)
(k1, 9)
(l4, 67)
(l8, 19)
(m5, 96)
(m3, 46)
(n2, 70)
(o3, 67)
(o9, 60)
(p5, 72)
(r5, 58)
(r1, 17)
(r9, 3)
(s9, 51)
(s0, 85)
(t9, 16)
(t4, 46)
(w4, 51)
[(l6,91)]
[(l4,67)]
[(t4,46)]
[(c8,29)]
[(m3,46)]
[(e0,51)]
[(k1,9)]
[(c0,37)]
[(c3,14)]
(a4, 74)
(a0, 35)
(a7, 92)
(b0, 38)
(c8, 29)
(c0, 37)
(d1, 91)
(d7, 34)
(d9, 81)
(e4, 57)
(e0, 51)
(e6, 27)
(f1, 70)
(f4, 14)
(g3, 21)
(g5, 15)
(g7, 79)
(g0, 57)
(h5, 93)
(i7, 7)
(i5, 15)
(i3, 69)
(j4, 17)
(j7, 65)
(j6, 29)
(k6, 94)
(k2, 73)
(k0, 93)
(k1, 9)
(l3, 62)
(l5, 0)
(l6, 91)
(l4, 67)
(l8, 19)
(m1, 21)
(m7, 87)
(m3, 46)
(o1, 46)
(o0, 13)
(p3, 7)
(p0, 33)
(p5, 72)
(q7, 26)
(q0, 55)
(q2, 79)
(r0, 90)
(s6, 26)
(s0, 82)
(s9, 51)
(t0, 48)
(t1, 31)
(t9, 16)
(t4, 46)
(u8, 54)
(v7, 80)
(w7, 82)
(w5, 75)
(x9, 47)
(x7, 28)
(x5, 79)
(y2, 19)
(y3, 49)
(y8, 42)
(z2, 5)
(z8, 75)
(a4, 74)
(a0, 35)
(a7, 92)
(b0, 38)
(c8, 29)
(c0, 37)
(d1, 91)
(d7, 34)
(d9, 81)
(e4, 57)
(e0, 51)
(e6, 27)
(f1, 70)
(f4, 14)
(g3, 21)
(g5, 15)
(g7, 79)
(g0, 57)
(h5, 93)
(i7, 7)
(i5, 15)
(i3, 69)
(j4, 17)
(j7, 65)
(j6, 29)
(k6, 94)
(k2, 73)
(k0, 93)
(k1, 9)
(l3, 62)
(l5, 0)
(l6, 91)
(l4, 67)
(l8, 19)
(m1, 21)
(m7, 87)
(m3, 46)
(o1, 46)
(o0, 13)
(p3, 7)
(p0, 33)
(p5, 72)
(q7, 26)
(q0, 55)
(q2, 79)
(r0, 90)
(s6, 26)
(s0, 82)
(s9, 51)
(t0, 48)
(t1, 31)
(t9, 16)
(t4, 46)
(u8, 54)
(v7, 80)
(w7, 82)
(w5, 75)
(x9, 47)
(x7, 28)
(x5, 79)
(y2, 19)
(y3, 49)
(y8, 42)
(z2, 5)
(z8, 75)
[(b0,38)]
(a4, 74)
(a0, 35)
(a7, 92)
(b0, 38)
(c8, 29)
(c0, 37)
(d0, 63)
(d1, 91)
(d7, 34)
(d9, 81)
(e4, 57)
(e0, 51)
(e6, 27)
(f7, 25)
(f1, 70)
(f4, 14)
(g3, 21)
(g5, 15)
(g7, 79)
(g0, 57)
(h5, 93)
(i7, 7)
(i5, 15)
(i3, 69)
(j4, 17)
(j7, 65)
(j6, 29)
(k6, 94)
(k2, 73)
(k0, 93)
(k1, 9)
(l3, 62)
(l5, 0)
(l6, 91)
(l4, 67)
(l8, 19)
(m1, 21)
(m3, 46)
(n9, 76)
(o1, 46)
(o0, 13)
(p3, 7)
(p0, 33)
(p5, 72)
(q7, 26)
(q0, 55)
(q2, 79)
(r0, 90)
(s6, 26)
(s0, 82)
(s9, 51)
(t0, 48)
(t1, 31)
(t9, 16)
(t4, 46)
(u0, 63)
(u8, 54)
(v7, 80)
(w7, 82)
(w5, 75)
(x9, 47)
(x7, 28)
(x5, 79)
(y2, 19)
(y3, 49)
(y8, 42)
(z2, 5)
(z8, 75)
[(n9,76)]
[(y2,19)]
[(k2,73)]
[(t9,16)]
[(e0,51)]
