(b2, 19)
(b3, 53)
(d7, 17)
(e7, 7)
(g3, 62)
(h5, 79)
(h7, 55)
(m2, 9)
(n4, 12)
(p3, 17)
(r1, 21)
(r9, 78)
(s2, 63)
(u8, 77)
(u2, 78)
(w5, 100)
(w8, 21)
(x5, 44)
[(g5,2)]
