[(g4,92)]
(a2, 12)
(g4, 92)
(o8, 59)
(o5, 74)
[(a2,12)]
[(o5,74)]
[(o9,64)]
(g8, 81)
(k7, 91)
(t6, 42)
[(i6,34)]
[(m2,91)]
[(b5,18)]
[(p1,39)]
(a8, 27)
(a0, 86)
(b2, 88)
(b5, 18)
(c8, 20)
(d4, 83)
(d5, 87)
(e4, 18)
(e3, 35)
(f7, 21)
(f0, 12)
(f2, 12)
(f5, 94)
(g8, 81)
(i2, 93)
(i8, 65)
(i6, 34)
(k5, 57)
(l2, 70)
(l4, 84)
(m1, 47)
(m7, 13)
(m2, 91)
(n8, 76)
(n6, 27)
(o6, 82)
(p9, 66)
(p1, 39)
(p2, 10)
(s6, 39)
(t3, 90)
(t0, 40)
(v1, 67)
(v4, 37)
(v9, 67)
(w2, 23)
(x1, 50)
(z8, 53)
(z5, 57)
