[(f9,0)]
[(e9,91)]
[(g5,98)]
[(o5,40)]
[(w7,89)]
[(k4,72)]
(a1, 7)
(a0, 100)
(a9, 54)
(b9, 31)
(c4, 48)
(d4, 16)
(e6, 88)
(f9, 0)
(g7, 6)
(g5, 98)
(i5, 77)
(j4, 40)
(k7, 36)
(k4, 72)
(m1, 20)
(m3, 55)
(m8, 79)
(n3, 2)
(o5, 40)
(p8, 70)
(q9, 66)
(w7, 89)
(z7, 14)
[(b9,31)]
[(u2,83)]
