[(a3,13)]
[(a3,13)]
(a3, 13)
(c8, 79)
(f5, 53)
(i0, 51)
(k4, 32)
(n4, 49)
(q6, 52)
(q1, 22)
(q4, 16)
(q5, 5)
(u0, 90)
(v7, 89)
(x3, 42)
[(q4,16)]
[(p3,82)]
[(j4,21)]
[(j1,71)]
[(c0,5)]
[(p3,82)]
[(t2,93)]
[(p3,82)]
[(l2,40)]
[(x8,55)]
[(v8,36)]
