(c3, 80)
(c1, 34)
(c2, 72)
(e0, 90)
(e5, 24)
(f8, 85)
(h8, 21)
(j3, 76)
(j0, 34)
(j5, 64)
(l1, 32)
(l2, 42)
(m8, 42)
(n4, 86)
(n3, 29)
(n7, 33)
(r5, 7)
(w6, 86)
(x8, 78)
(y0, 69)
(z4, 31)
[(e5,24)]
[(y0,69)]
(b7, 91)
(c5, 39)
(c3, 80)
(c1, 34)
(c2, 72)
(e0, 90)
(e5, 24)
(f8, 85)
(h8, 21)
(i9, 46)
(j4, 70)
(j3, 76)
(j0, 34)
(j5, 64)
(k9, 48)
(l1, 32)
(l2, 42)
(m2, 9)
(m5, 44)
(m8, 42)
(n0, 85)
(n4, 86)
(p6, 85)
(q9, 20)
(r8, 26)
(r5, 7)
(s2, 36)
(u1, 94)
(u6, 32)
(u5, 91)
(v8, 9)
(w6, 86)
(x8, 78)
(y0, 69)
(z4, 31)
[(n2,35)]
[(p6,85)]
[(d9,41)]
[(w6,86)]
[(e0,90)]
[(j5,64)]
[(j5,64)]
[(j4,70)]
[(m2,9)]
[(n3,93)]
[(n3,93)]
