(e7, 64)
(k7, 97)
(o4, 71)
(u6, 48)
[(z8,15)]
[(x0,95)]
