(b6, 39)
(e8, 36)
(i6, 33)
(j4, 51)
(l6, 78)
(p3, 9)
(q0, 63)
(v1, 50)
[(l6,78)]
