[(n1,72)]
[(b4,46)]
[(a4,30)]
(a4, 30)
(b0, 30)
(b4, 46)
(c4, 75)
(e8, 64)
(e9, 8)
(h9, 9)
(h7, 59)
(i3, 20)
(k5, 98)
(n6, 43)
(q1, 62)
(t9, 80)
(y8, 45)
[(a5,33)]
[(e8,64)]
[(k5,98)]
[(v1,44)]
[(r1,92)]
[(k6,68)]
