[(n7,83)]
[(w5,76)]
[(b6,66)]
(a8, 54)
(a4, 73)
(a2, 23)
(b5, 38)
(b6, 66)
(c4, 98)
(d8, 71)
(d5, 77)
(d7, 21)
(e9, 19)
(e4, 75)
(g5, 77)
(g4, 19)
(i0, 38)
(i6, 60)
(j9, 47)
(j2, 100)
(j4, 79)
(n3, 38)
(n8, 31)
(n7, 83)
(o8, 37)
(p7, 10)
(p5, 78)
(p2, 12)
(p4, 96)
(q6, 27)
(r1, 75)
(r7, 100)
(v4, 3)
(v9, 24)
(w6, 36)
(w5, 76)
(x4, 26)
(z9, 50)
(z8, 62)
(z6, 30)
[(p2,12)]
[(w5,76)]
[(a4,73)]
[(d5,77)]
[(y7,32)]
[(n7,83)]
(a3, 96)
(a8, 54)
(a2, 23)
(b4, 11)
(b5, 38)
(b6, 66)
(c4, 98)
(d5, 77)
(d7, 21)
(e3, 42)
(e9, 19)
(e4, 75)
(f1, 3)
(f8, 80)
(f6, 5)
(f3, 45)
(g2, 92)
(g5, 77)
(g4, 19)
(h9, 37)
(i0, 38)
(j9, 47)
(j2, 100)
(j4, 79)
(m6, 22)
(n3, 38)
(n7, 83)
(o3, 71)
(o8, 37)
(p7, 10)
(p5, 78)
(p2, 12)
(p4, 96)
(q6, 27)
(r6, 51)
(r3, 33)
(r1, 75)
(r7, 100)
(u4, 42)
(v2, 8)
(v1, 100)
(v4, 3)
(v9, 24)
(w4, 92)
(w5, 76)
(x4, 26)
(y4, 50)
(y3, 96)
(y7, 32)
(y8, 87)
(z9, 50)
(z8, 62)
(z6, 30)
[(z6,30)]
[(t2,78)]
[(v9,24)]
[(a8,54)]
[(i0,38)]
(a6, 64)
(a3, 96)
(a2, 23)
(b4, 11)
(b5, 38)
(b6, 66)
(c4, 98)
(d5, 77)
(d7, 21)
(e1, 88)
(e3, 42)
(e9, 19)
(f7, 19)
(f4, 4)
(f1, 3)
(f8, 80)
(f6, 5)
(f3, 45)
(g2, 92)
(g4, 19)
(h9, 37)
(i0, 38)
(j0, 77)
(j9, 47)
(j2, 100)
(j4, 79)
(k5, 59)
(k3, 68)
(l9, 87)
(l6, 64)
(l1, 57)
(m6, 22)
(n3, 38)
(n7, 83)
(o7, 27)
(o3, 71)
(o8, 37)
(p0, 69)
(p7, 10)
(p5, 78)
(p2, 12)
(p4, 96)
(q6, 27)
(r6, 51)
(r3, 33)
(r1, 75)
(r7, 100)
(s2, 35)
(s6, 74)
(t2, 78)
(u3, 56)
(u4, 42)
(v1, 100)
(v4, 3)
(v9, 24)
(w4, 92)
(w5, 76)
(x6, 91)
(x4, 26)
(y2, 82)
(y4, 50)
(y3, 96)
(y7, 32)
(y8, 87)
(z9, 50)
(z8, 62)
(z6, 30)
[(y8,87)]
(a6, 64)
(a3, 96)
(a2, 23)
(b4, 11)
(b5, 38)
(b6, 66)
(c7, 34)
(c4, 98)
(d5, 77)
(d7, 21)
(e1, 88)
(e3, 42)
(e9, 19)
(f7, 19)
(f4, 4)
(f1, 3)
(f6, 5)
(f3, 45)
(g2, 92)
(g4, 19)
(h2, 80)
(h9, 37)
(i9, 7)
(i0, 38)
(j0, 77)
(j9, 47)
(j2, 100)
(j4, 79)
(k2, 44)
(k0, 3)
(k5, 59)
(k3, 68)
(l9, 87)
(l6, 64)
(l1, 57)
(m0, 3)
(m3, 75)
(m4, 17)
(m6, 22)
(n5, 7)
(n3, 38)
(n7, 83)
(o4, 67)
(o9, 30)
(o7, 27)
(o3, 71)
(o8, 37)
(p0, 69)
(p7, 10)
(p5, 78)
(p2, 12)
(p4, 96)
(q3, 67)
(q8, 85)
(q6, 27)
(r2, 83)
(r6, 51)
(r3, 33)
(r1, 75)
(r7, 100)
(s8, 27)
(s2, 35)
(s6, 74)
(t0, 96)
(t7, 89)
(t2, 78)
(u9, 87)
(u3, 56)
(u4, 42)
(v2, 50)
(v1, 100)
(v4, 3)
(w8, 26)
(w4, 92)
(w5, 76)
(x8, 86)
(x6, 91)
(x4, 26)
(y6, 97)
(y0, 15)
(y2, 82)
(y4, 50)
(y3, 96)
(y7, 32)
(y8, 87)
(z7, 88)
(z4, 42)
(z9, 50)
(z8, 62)
(z6, 30)
[(z6,30)]
[(y7,32)]
