[(h2,63)]
[(n4,32)]
[(o3,98)]
[(g0,41)]
[(o3,98)]
[(g0,41)]
[(n4,32)]
[(o7,96)]
[(x8,40)]
[(o3,94)]
[(c5,66)]
(a0, 12)
(a1, 87)
(b1, 90)
(b8, 66)
(c0, 96)
(c5, 66)
(c1, 65)
(e2, 48)
(e8, 64)
(f0, 88)
(g1, 70)
(h6, 72)
(h0, 78)
(i5, 87)
(j9, 0)
(j2, 28)
(k7, 38)
(k8, 93)
(k2, 2)
(k5, 70)
(l4, 100)
(l8, 13)
(m3, 17)
(n5, 76)
(o3, 94)
(o7, 96)
(p6, 92)
(p3, 50)
(q3, 87)
(q8, 59)
(r0, 57)
(r5, 84)
(s0, 21)
(s5, 17)
(s1, 34)
(t8, 95)
(u4, 67)
(v1, 100)
(w1, 50)
(x5, 24)
(x8, 40)
(y6, 89)
(y2, 50)
