(b2, 81)
(e4, 64)
(f4, 36)
(f1, 97)
(g4, 89)
(i3, 5)
(j4, 65)
(k5, 26)
(k8, 5)
(k1, 99)
(l9, 40)
(n5, 65)
(s8, 34)
(t9, 52)
(u5, 85)
(v9, 49)
(w5, 14)
(x1, 6)
(z6, 33)
(b2, 81)
(e4, 64)
(f4, 36)
(f1, 97)
(g4, 89)
(i3, 5)
(j4, 65)
(k5, 26)
(k8, 5)
(k1, 99)
(l9, 40)
(n5, 65)
(p1, 33)
(s8, 34)
(t9, 52)
(u5, 85)
(v4, 4)
(v9, 49)
(w5, 14)
(x1, 6)
(z6, 33)
[(q2,1)]
[(h1,0)]
[(r1,21)]
